../Core/Src/main.c:152:6:delay	16	static
../Core/Src/main.c:158:6:Set_Pin_Output	32	static
../Core/Src/main.c:167:6:Set_Pin_Input	32	static
../Core/Src/main.c:180:9:DS18B20_Start	16	static
../Core/Src/main.c:198:6:DS18B20_Write	24	static
../Core/Src/main.c:230:9:DS18B20_Read	16	static
../Core/Src/main.c:254:6:HAL_UART_TxCpltCallback	16	static
../Core/Src/main.c:259:6:HAL_UART_RxCpltCallback	16	static
../Core/Src/main.c:267:6:write_read_Temperature	8	static
../Core/Src/main.c:287:6:transmit_Data_to_DTU	8	static
../Core/Src/main.c:309:6:receive_Command_from_DTU	8	static
../Core/Src/main.c:692:5:main	8	static
../Core/Src/main.c:745:6:SystemClock_Config	72	static
../Core/Src/main.c:785:13:MX_TIM1_Init	32	static
../Core/Src/main.c:831:13:MX_USART1_UART_Init	8	static
../Core/Src/main.c:864:13:MX_USART2_UART_Init	8	static
../Core/Src/main.c:895:13:MX_DMA_Init	16	static
../Core/Src/main.c:922:13:MX_GPIO_Init	32	static
../Core/Src/main.c:950:6:Error_Handler	4	static,ignoring_inline_asm
