../Core/Src/main.c:124:6:delay	16	static
../Core/Src/main.c:132:6:Set_Pin_Output	32	static
../Core/Src/main.c:141:6:Set_Pin_Input	32	static
../Core/Src/main.c:154:9:DS18B20_Start	16	static
../Core/Src/main.c:172:6:DS18B20_Write	24	static
../Core/Src/main.c:204:9:DS18B20_Read	16	static
../Core/Src/main.c:231:6:HAL_UART_TxCpltCallback	16	static
../Core/Src/main.c:236:6:HAL_UART_RxCpltCallback	16	static
../Core/Src/main.c:253:6:write_read_Temperature	8	static
../Core/Src/main.c:275:6:transmit_Data_to_DTU	16	static
../Core/Src/main.c:309:6:concat_Command_for_STC	24	static
../Core/Src/main.c:429:6:send_Command_to_STC	4	static
../Core/Src/main.c:449:5:main	8	static
../Core/Src/main.c:507:6:SystemClock_Config	72	static
../Core/Src/main.c:547:13:MX_TIM1_Init	32	static
../Core/Src/main.c:593:13:MX_USART1_UART_Init	8	static
../Core/Src/main.c:626:13:MX_USART2_UART_Init	8	static
../Core/Src/main.c:657:13:MX_DMA_Init	16	static
../Core/Src/main.c:684:13:MX_GPIO_Init	32	static
../Core/Src/main.c:712:6:Error_Handler	4	static,ignoring_inline_asm
