../Core/Src/main.c:131:6:delay	16	static
../Core/Src/main.c:139:6:Set_Pin_Output	32	static
../Core/Src/main.c:148:6:Set_Pin_Input	32	static
../Core/Src/main.c:161:9:DS18B20_Start	16	static
../Core/Src/main.c:179:6:DS18B20_Write	24	static
../Core/Src/main.c:211:9:DS18B20_Read	16	static
../Core/Src/main.c:239:6:HAL_UART_TxCpltCallback	16	static
../Core/Src/main.c:244:6:HAL_UART_RxCpltCallback	16	static
../Core/Src/main.c:274:6:write_read_Temperature	8	static
../Core/Src/main.c:296:6:transmit_Data_to_DTU	40	static
../Core/Src/main.c:355:6:split_Command_from_DTU	16	static
../Core/Src/main.c:371:6:concat_Command_for_STC	8	static
../Core/Src/main.c:467:6:send_Command_to_STC	8	static
../Core/Src/main.c:479:5:main	8	static
../Core/Src/main.c:529:6:HAL_GPIO_EXTI_Callback	16	static
../Core/Src/main.c:546:6:SystemClock_Config	72	static
../Core/Src/main.c:586:13:MX_TIM1_Init	32	static
../Core/Src/main.c:632:13:MX_USART1_UART_Init	8	static
../Core/Src/main.c:665:13:MX_USART2_UART_Init	8	static
../Core/Src/main.c:696:13:MX_DMA_Init	16	static
../Core/Src/main.c:723:13:MX_GPIO_Init	40	static
../Core/Src/main.c:762:6:Error_Handler	4	static,ignoring_inline_asm
