../Core/Src/main.c:134:6:delay	16	static
../Core/Src/main.c:142:6:Set_Pin_Output	32	static
../Core/Src/main.c:151:6:Set_Pin_Input	32	static
../Core/Src/main.c:164:9:DS18B20_Start	16	static
../Core/Src/main.c:182:6:DS18B20_Write	24	static
../Core/Src/main.c:214:9:DS18B20_Read	16	static
../Core/Src/main.c:242:6:HAL_UART_TxCpltCallback	16	static
../Core/Src/main.c:247:6:HAL_UART_RxCpltCallback	16	static
../Core/Src/main.c:279:6:write_read_Temperature	8	static
../Core/Src/main.c:301:6:transmit_Data_to_DTU	40	static
../Core/Src/main.c:368:6:split_Command_from_DTU	16	static
../Core/Src/main.c:384:6:concat_Command_for_STC	8	static
../Core/Src/main.c:480:6:send_Command_to_STC	16	static
../Core/Src/main.c:495:5:main	8	static
../Core/Src/main.c:549:6:HAL_GPIO_EXTI_Callback	16	static
../Core/Src/main.c:568:6:SystemClock_Config	72	static
../Core/Src/main.c:608:13:MX_TIM1_Init	32	static
../Core/Src/main.c:654:13:MX_USART1_UART_Init	8	static
../Core/Src/main.c:687:13:MX_USART2_UART_Init	8	static
../Core/Src/main.c:718:13:MX_DMA_Init	16	static
../Core/Src/main.c:745:13:MX_GPIO_Init	40	static
../Core/Src/main.c:784:6:Error_Handler	4	static,ignoring_inline_asm
