../Core/Src/main.c:120:6:delay	16	static
../Core/Src/main.c:128:6:Set_Pin_Output	32	static
../Core/Src/main.c:137:6:Set_Pin_Input	32	static
../Core/Src/main.c:150:9:DS18B20_Start	16	static
../Core/Src/main.c:168:6:DS18B20_Write	24	static
../Core/Src/main.c:200:9:DS18B20_Read	16	static
../Core/Src/main.c:227:6:HAL_UART_TxCpltCallback	16	static
../Core/Src/main.c:232:6:HAL_UART_RxCpltCallback	16	static
../Core/Src/main.c:240:6:write_read_Temperature	8	static
../Core/Src/main.c:263:6:transmit_Data_to_DTU	16	static
../Core/Src/main.c:296:6:concat_Command_for_STC	16	static
../Core/Src/main.c:352:6:send_Command_to_STC	4	static
../Core/Src/main.c:379:5:main	8	static
../Core/Src/main.c:434:6:SystemClock_Config	72	static
../Core/Src/main.c:474:13:MX_TIM1_Init	32	static
../Core/Src/main.c:520:13:MX_USART1_UART_Init	8	static
../Core/Src/main.c:553:13:MX_USART2_UART_Init	8	static
../Core/Src/main.c:584:13:MX_DMA_Init	16	static
../Core/Src/main.c:611:13:MX_GPIO_Init	32	static
../Core/Src/main.c:639:6:Error_Handler	4	static,ignoring_inline_asm
