../Core/Src/main.c:138:6:HAL_UART_TxCpltCallback	16	static
../Core/Src/main.c:143:6:HAL_UART_RxCpltCallback	16	static
../Core/Src/main.c:149:6:transmit_Data_to_DTU	8	static
../Core/Src/main.c:172:6:receive_Command_from_DTU	8	static
../Core/Src/main.c:555:5:main	8	static
../Core/Src/main.c:603:6:SystemClock_Config	72	static
../Core/Src/main.c:643:13:MX_USART1_UART_Init	8	static
../Core/Src/main.c:676:13:MX_USART2_UART_Init	8	static
../Core/Src/main.c:707:13:MX_DMA_Init	16	static
../Core/Src/main.c:734:13:MX_GPIO_Init	16	static
../Core/Src/main.c:751:6:Error_Handler	4	static,ignoring_inline_asm
