../Core/Src/main.c:136:6:HAL_UART_TxCpltCallback	16	static
../Core/Src/main.c:141:6:HAL_UART_RxCpltCallback	16	static
../Core/Src/main.c:160:6:receive_transmit_command	8	static
../Core/Src/main.c:548:5:main	8	static
../Core/Src/main.c:598:6:SystemClock_Config	72	static
../Core/Src/main.c:638:13:MX_USART1_UART_Init	8	static
../Core/Src/main.c:671:13:MX_USART2_UART_Init	8	static
../Core/Src/main.c:702:13:MX_DMA_Init	16	static
../Core/Src/main.c:723:13:MX_GPIO_Init	16	static
../Core/Src/main.c:740:6:Error_Handler	4	static,ignoring_inline_asm
