../Core/Src/main.c:139:6:HAL_UART_TxCpltCallback	16	static
../Core/Src/main.c:144:6:HAL_UART_RxCpltCallback	16	static
../Core/Src/main.c:169:6:receive_transmit_command	8	static
../Core/Src/main.c:557:5:main	8	static
../Core/Src/main.c:607:6:SystemClock_Config	72	static
../Core/Src/main.c:647:13:MX_USART1_UART_Init	8	static
../Core/Src/main.c:680:13:MX_USART2_UART_Init	8	static
../Core/Src/main.c:711:13:MX_DMA_Init	16	static
../Core/Src/main.c:732:13:MX_GPIO_Init	16	static
../Core/Src/main.c:749:6:Error_Handler	4	static,ignoring_inline_asm
