../Core/Src/main.c:138:6:HAL_UART_TxCpltCallback	16	static
../Core/Src/main.c:143:6:HAL_UART_RxCpltCallback	16	static
../Core/Src/main.c:168:6:receive_transmit_command	8	static
../Core/Src/main.c:556:5:main	8	static
../Core/Src/main.c:606:6:SystemClock_Config	72	static
../Core/Src/main.c:646:13:MX_USART1_UART_Init	8	static
../Core/Src/main.c:679:13:MX_USART2_UART_Init	8	static
../Core/Src/main.c:710:13:MX_DMA_Init	16	static
../Core/Src/main.c:731:13:MX_GPIO_Init	16	static
../Core/Src/main.c:748:6:Error_Handler	4	static,ignoring_inline_asm
