Archive member included to satisfy reference by file (symbol)

c:/st/stm32cubeide_1.9.0/stm32cubeide/plugins/com.st.stm32cube.ide.mcu.externaltools.gnu-tools-for-stm32.10.3-2021.10.win32_1.0.0.202111181127/tools/bin/../lib/gcc/arm-none-eabi/10.3.1/../../../../arm-none-eabi/lib/thumb/v7-m/nofp\libc_nano.a(lib_a-errno.o)
                              ./Core/Src/syscalls.o (__errno)
c:/st/stm32cubeide_1.9.0/stm32cubeide/plugins/com.st.stm32cube.ide.mcu.externaltools.gnu-tools-for-stm32.10.3-2021.10.win32_1.0.0.202111181127/tools/bin/../lib/gcc/arm-none-eabi/10.3.1/../../../../arm-none-eabi/lib/thumb/v7-m/nofp\libc_nano.a(lib_a-exit.o)
                              c:/st/stm32cubeide_1.9.0/stm32cubeide/plugins/com.st.stm32cube.ide.mcu.externaltools.gnu-tools-for-stm32.10.3-2021.10.win32_1.0.0.202111181127/tools/bin/../lib/gcc/arm-none-eabi/10.3.1/../../../../arm-none-eabi/lib/thumb/v7-m/nofp/crt0.o (exit)
c:/st/stm32cubeide_1.9.0/stm32cubeide/plugins/com.st.stm32cube.ide.mcu.externaltools.gnu-tools-for-stm32.10.3-2021.10.win32_1.0.0.202111181127/tools/bin/../lib/gcc/arm-none-eabi/10.3.1/../../../../arm-none-eabi/lib/thumb/v7-m/nofp\libc_nano.a(lib_a-impure.o)
                              c:/st/stm32cubeide_1.9.0/stm32cubeide/plugins/com.st.stm32cube.ide.mcu.externaltools.gnu-tools-for-stm32.10.3-2021.10.win32_1.0.0.202111181127/tools/bin/../lib/gcc/arm-none-eabi/10.3.1/../../../../arm-none-eabi/lib/thumb/v7-m/nofp\libc_nano.a(lib_a-exit.o) (_global_impure_ptr)
c:/st/stm32cubeide_1.9.0/stm32cubeide/plugins/com.st.stm32cube.ide.mcu.externaltools.gnu-tools-for-stm32.10.3-2021.10.win32_1.0.0.202111181127/tools/bin/../lib/gcc/arm-none-eabi/10.3.1/../../../../arm-none-eabi/lib/thumb/v7-m/nofp\libc_nano.a(lib_a-init.o)
                              c:/st/stm32cubeide_1.9.0/stm32cubeide/plugins/com.st.stm32cube.ide.mcu.externaltools.gnu-tools-for-stm32.10.3-2021.10.win32_1.0.0.202111181127/tools/bin/../lib/gcc/arm-none-eabi/10.3.1/../../../../arm-none-eabi/lib/thumb/v7-m/nofp/crt0.o (__libc_init_array)
c:/st/stm32cubeide_1.9.0/stm32cubeide/plugins/com.st.stm32cube.ide.mcu.externaltools.gnu-tools-for-stm32.10.3-2021.10.win32_1.0.0.202111181127/tools/bin/../lib/gcc/arm-none-eabi/10.3.1/../../../../arm-none-eabi/lib/thumb/v7-m/nofp\libc_nano.a(lib_a-memset.o)
                              c:/st/stm32cubeide_1.9.0/stm32cubeide/plugins/com.st.stm32cube.ide.mcu.externaltools.gnu-tools-for-stm32.10.3-2021.10.win32_1.0.0.202111181127/tools/bin/../lib/gcc/arm-none-eabi/10.3.1/../../../../arm-none-eabi/lib/thumb/v7-m/nofp/crt0.o (memset)
c:/st/stm32cubeide_1.9.0/stm32cubeide/plugins/com.st.stm32cube.ide.mcu.externaltools.gnu-tools-for-stm32.10.3-2021.10.win32_1.0.0.202111181127/tools/bin/../lib/gcc/arm-none-eabi/10.3.1/../../../../arm-none-eabi/lib/thumb/v7-m/nofp\libc_nano.a(lib_a-strcmp.o)
                              ./Core/Src/main.o (strcmp)

Discarded input sections

 .text          0x0000000000000000        0x0 c:/st/stm32cubeide_1.9.0/stm32cubeide/plugins/com.st.stm32cube.ide.mcu.externaltools.gnu-tools-for-stm32.10.3-2021.10.win32_1.0.0.202111181127/tools/bin/../lib/gcc/arm-none-eabi/10.3.1/thumb/v7-m/nofp/crti.o
 .data          0x0000000000000000        0x0 c:/st/stm32cubeide_1.9.0/stm32cubeide/plugins/com.st.stm32cube.ide.mcu.externaltools.gnu-tools-for-stm32.10.3-2021.10.win32_1.0.0.202111181127/tools/bin/../lib/gcc/arm-none-eabi/10.3.1/thumb/v7-m/nofp/crti.o
 .bss           0x0000000000000000        0x0 c:/st/stm32cubeide_1.9.0/stm32cubeide/plugins/com.st.stm32cube.ide.mcu.externaltools.gnu-tools-for-stm32.10.3-2021.10.win32_1.0.0.202111181127/tools/bin/../lib/gcc/arm-none-eabi/10.3.1/thumb/v7-m/nofp/crti.o
 .data          0x0000000000000000        0x4 c:/st/stm32cubeide_1.9.0/stm32cubeide/plugins/com.st.stm32cube.ide.mcu.externaltools.gnu-tools-for-stm32.10.3-2021.10.win32_1.0.0.202111181127/tools/bin/../lib/gcc/arm-none-eabi/10.3.1/thumb/v7-m/nofp/crtbegin.o
 .rodata        0x0000000000000000       0x24 c:/st/stm32cubeide_1.9.0/stm32cubeide/plugins/com.st.stm32cube.ide.mcu.externaltools.gnu-tools-for-stm32.10.3-2021.10.win32_1.0.0.202111181127/tools/bin/../lib/gcc/arm-none-eabi/10.3.1/thumb/v7-m/nofp/crtbegin.o
 .text          0x0000000000000000       0x7c c:/st/stm32cubeide_1.9.0/stm32cubeide/plugins/com.st.stm32cube.ide.mcu.externaltools.gnu-tools-for-stm32.10.3-2021.10.win32_1.0.0.202111181127/tools/bin/../lib/gcc/arm-none-eabi/10.3.1/../../../../arm-none-eabi/lib/thumb/v7-m/nofp/crt0.o
 .data          0x0000000000000000        0x0 c:/st/stm32cubeide_1.9.0/stm32cubeide/plugins/com.st.stm32cube.ide.mcu.externaltools.gnu-tools-for-stm32.10.3-2021.10.win32_1.0.0.202111181127/tools/bin/../lib/gcc/arm-none-eabi/10.3.1/../../../../arm-none-eabi/lib/thumb/v7-m/nofp/crt0.o
[...]
Memory Configuration

Name             Origin             Length             Attributes
RAM              0x0000000020000000 0x0000000000005000 xrw
FLASH            0x0000000008000000 0x0000000000010000 xr
*default*        0x0000000000000000 0xffffffffffffffff

Linker script and memory map

LOAD c:/st/stm32cubeide_1.9.0/stm32cubeide/plugins/com.st.stm32cube.ide.mcu.externaltools.gnu-tools-for-stm32.10.3-2021.10.win32_1.0.0.202111181127/tools/bin/../lib/gcc/arm-none-eabi/10.3.1/thumb/v7-m/nofp/crti.o
LOAD c:/st/stm32cubeide_1.9.0/stm32cubeide/plugins/com.st.stm32cube.ide.mcu.externaltools.gnu-tools-for-stm32.10.3-2021.10.win32_1.0.0.202111181127/tools/bin/../lib/gcc/arm-none-eabi/10.3.1/thumb/v7-m/nofp/crtbegin.o
LOAD c:/st/stm32cubeide_1.9.0/stm32cubeide/plugins/com.st.stm32cube.ide.mcu.externaltools.gnu-tools-for-stm32.10.3-2021.10.win32_1.0.0.202111181127/tools/bin/../lib/gcc/arm-none-eabi/10.3.1/../../../../arm-none-eabi/lib/thumb/v7-m/nofp/crt0.o
LOAD ./Core/Src/main.o
LOAD ./Core/Src/stm32f1xx_hal_msp.o
LOAD ./Core/Src/stm32f1xx_it.o
LOAD ./Core/Src/syscalls.o
LOAD ./Core/Src/sysmem.o
LOAD ./Core/Src/system_stm32f1xx.o
LOAD ./Core/Startup/startup_stm32f103c8tx.o
LOAD ./Drivers/STM32F1xx_HAL_Driver/Src/stm32f1xx_hal.o
LOAD ./Drivers/STM32F1xx_HAL_Driver/Src/stm32f1xx_hal_cortex.o
LOAD ./Drivers/STM32F1xx_HAL_Driver/Src/stm32f1xx_hal_dma.o
LOAD ./Drivers/STM32F1xx_HAL_Driver/Src/stm32f1xx_hal_exti.o
LOAD ./Drivers/STM32F1xx_HAL_Driver/Src/stm32f1xx_hal_flash.o
LOAD ./Drivers/STM32F1xx_HAL_Driver/Src/stm32f1xx_hal_flash_ex.o
LOAD ./Drivers/STM32F1xx_HAL_Driver/Src/stm32f1xx_hal_gpio.o
LOAD ./Drivers/STM32F1xx_HAL_Driver/Src/stm32f1xx_hal_gpio_ex.o
LOAD ./Drivers/STM32F1xx_HAL_Driver/Src/stm32f1xx_hal_pwr.o
LOAD ./Drivers/STM32F1xx_HAL_Driver/Src/stm32f1xx_hal_rcc.o
LOAD ./Drivers/STM32F1xx_HAL_Driver/Src/stm32f1xx_hal_rcc_ex.o
LOAD ./Drivers/STM32F1xx_HAL_Driver/Src/stm32f1xx_hal_tim.o
LOAD ./Drivers/STM32F1xx_HAL_Driver/Src/stm32f1xx_hal_tim_ex.o
LOAD ./Drivers/STM32F1xx_HAL_Driver/Src/stm32f1xx_hal_uart.o
START GROUP
LOAD c:/st/stm32cubeide_1.9.0/stm32cubeide/plugins/com.st.stm32cube.ide.mcu.externaltools.gnu-tools-for-stm32.10.3-2021.10.win32_1.0.0.202111181127/tools/bin/../lib/gcc/arm-none-eabi/10.3.1/../../../../arm-none-eabi/lib/thumb/v7-m/nofp\libc_nano.a
LOAD c:/st/stm32cubeide_1.9.0/stm32cubeide/plugins/com.st.stm32cube.ide.mcu.externaltools.gnu-tools-for-stm32.10.3-2021.10.win32_1.0.0.202111181127/tools/bin/../lib/gcc/arm-none-eabi/10.3.1/../../../../arm-none-eabi/lib/thumb/v7-m/nofp\libm.a
END GROUP
START GROUP
LOAD c:/st/stm32cubeide_1.9.0/stm32cubeide/plugins/com.st.stm32cube.ide.mcu.externaltools.gnu-tools-for-stm32.10.3-2021.10.win32_1.0.0.202111181127/tools/bin/../lib/gcc/arm-none-eabi/10.3.1/thumb/v7-m/nofp\libgcc.a
LOAD c:/st/stm32cubeide_1.9.0/stm32cubeide/plugins/com.st.stm32cube.ide.mcu.externaltools.gnu-tools-for-stm32.10.3-2021.10.win32_1.0.0.202111181127/tools/bin/../lib/gcc/arm-none-eabi/10.3.1/../../../../arm-none-eabi/lib/thumb/v7-m/nofp\libc_nano.a
END GROUP
START GROUP
LOAD c:/st/stm32cubeide_1.9.0/stm32cubeide/plugins/com.st.stm32cube.ide.mcu.externaltools.gnu-tools-for-stm32.10.3-2021.10.win32_1.0.0.202111181127/tools/bin/../lib/gcc/arm-none-eabi/10.3.1/thumb/v7-m/nofp\libgcc.a
LOAD c:/st/stm32cubeide_1.9.0/stm32cubeide/plugins/com.st.stm32cube.ide.mcu.externaltools.gnu-tools-for-stm32.10.3-2021.10.win32_1.0.0.202111181127/tools/bin/../lib/gcc/arm-none-eabi/10.3.1/../../../../arm-none-eabi/lib/thumb/v7-m/nofp\libc_nano.a
LOAD c:/st/stm32cubeide_1.9.0/stm32cubeide/plugins/com.st.stm32cube.ide.mcu.externaltools.gnu-tools-for-stm32.10.3-2021.10.win32_1.0.0.202111181127/tools/bin/../lib/gcc/arm-none-eabi/10.3.1/../../../../arm-none-eabi/lib/thumb/v7-m/nofp\libnosys.a
END GROUP
START GROUP
LOAD c:/st/stm32cubeide_1.9.0/stm32cubeide/plugins/com.st.stm32cube.ide.mcu.externaltools.gnu-tools-for-stm32.10.3-2021.10.win32_1.0.0.202111181127/tools/bin/../lib/gcc/arm-none-eabi/10.3.1/thumb/v7-m/nofp\libgcc.a
LOAD c:/st/stm32cubeide_1.9.0/stm32cubeide/plugins/com.st.stm32cube.ide.mcu.externaltools.gnu-tools-for-stm32.10.3-2021.10.win32_1.0.0.202111181127/tools/bin/../lib/gcc/arm-none-eabi/10.3.1/../../../../arm-none-eabi/lib/thumb/v7-m/nofp\libc_nano.a
LOAD c:/st/stm32cubeide_1.9.0/stm32cubeide/plugins/com.st.stm32cube.ide.mcu.externaltools.gnu-tools-for-stm32.10.3-2021.10.win32_1.0.0.202111181127/tools/bin/../lib/gcc/arm-none-eabi/10.3.1/../../../../arm-none-eabi/lib/thumb/v7-m/nofp\libnosys.a
END GROUP
LOAD c:/st/stm32cubeide_1.9.0/stm32cubeide/plugins/com.st.stm32cube.ide.mcu.externaltools.gnu-tools-for-stm32.10.3-2021.10.win32_1.0.0.202111181127/tools/bin/../lib/gcc/arm-none-eabi/10.3.1/thumb/v7-m/nofp/crtend.o
LOAD c:/st/stm32cubeide_1.9.0/stm32cubeide/plugins/com.st.stm32cube.ide.mcu.externaltools.gnu-tools-for-stm32.10.3-2021.10.win32_1.0.0.202111181127/tools/bin/../lib/gcc/arm-none-eabi/10.3.1/thumb/v7-m/nofp/crtn.o
                0x0000000020005000                _estack = (ORIGIN (RAM) + LENGTH (RAM))
                0x0000000000000200                _Min_Heap_Size = 0x200
                0x0000000000000400                _Min_Stack_Size = 0x400

.isr_vector     0x0000000008000000      0x10c
                0x0000000008000000                . = ALIGN (0x4)
 *(.isr_vector)
 .isr_vector    0x0000000008000000      0x10c ./Core/Startup/startup_stm32f103c8tx.o
                0x0000000008000000                g_pfnVectors
                0x000000000800010c                . = ALIGN (0x4)

.text           0x000000000800010c     0x3474
                0x000000000800010c                . = ALIGN (0x4)
 *(.text)
 .text          0x000000000800010c       0x40 c:/st/stm32cubeide_1.9.0/stm32cubeide/plugins/com.st.stm32cube.ide.mcu.externaltools.gnu-tools-for-stm32.10.3-2021.10.win32_1.0.0.202111181127/tools/bin/../lib/gcc/arm-none-eabi/10.3.1/thumb/v7-m/nofp/crtbegin.o
 .text          0x000000000800014c       0x14 c:/st/stm32cubeide_1.9.0/stm32cubeide/plugins/com.st.stm32cube.ide.mcu.externaltools.gnu-tools-for-stm32.10.3-2021.10.win32_1.0.0.202111181127/tools/bin/../lib/gcc/arm-none-eabi/10.3.1/../../../../arm-none-eabi/lib/thumb/v7-m/nofp\libc_nano.a(lib_a-strcmp.o)
                0x000000000800014c                strcmp
 *(.text*)
 .text.HAL_UART_TxCpltCallback
                0x0000000008000160       0x12 ./Core/Src/main.o
                0x0000000008000160                HAL_UART_TxCpltCallback
 *fill*         0x0000000008000172        0x2 
 .text.HAL_UART_RxCpltCallback
                0x0000000008000174       0x34 ./Core/Src/main.o
                0x0000000008000174                HAL_UART_RxCpltCallback
 .text.transmit_Data_to_DTU
                0x00000000080001a8       0x9c ./Core/Src/main.o
                0x00000000080001a8                transmit_Data_to_DTU
 .text.receive_Command_from_DTU
                0x0000000008000244      0xcfc ./Core/Src/main.o
                0x0000000008000244                receive_Command_from_DTU
 .text.main     0x0000000008000f40       0x4c ./Core/Src/main.o
                0x0000000008000f40                main
 .text.SystemClock_Config
                0x0000000008000f8c       0x8a ./Core/Src/main.o
                0x0000000008000f8c                SystemClock_Config
 *fill*         0x0000000008001016        0x2 
 .text.MX_USART1_UART_Init
                0x0000000008001018       0x54 ./Core/Src/main.o
 .text.MX_USART2_UART_Init
                0x000000000800106c       0x54 ./Core/Src/main.o
 .text.MX_DMA_Init
                0x00000000080010c0       0x6c ./Core/Src/main.o
 .text.MX_GPIO_Init
                0x000000000800112c       0x44 ./Core/Src/main.o
 .text.Error_Handler
                0x0000000008001170        0xa ./Core/Src/main.o
                0x0000000008001170                Error_Handler
 *fill*         0x000000000800117a        0x2 
 .text.HAL_MspInit
                0x000000000800117c       0x64 ./Core/Src/stm32f1xx_hal_msp.o
                0x000000000800117c                HAL_MspInit
 .text.HAL_UART_MspInit
                0x00000000080011e0      0x27c ./Core/Src/stm32f1xx_hal_msp.o
                0x00000000080011e0                HAL_UART_MspInit
 .text.NMI_Handler
                0x000000000800145c        0x6 ./Core/Src/stm32f1xx_it.o
                0x000000000800145c                NMI_Handler
 .text.HardFault_Handler
                0x0000000008001462        0x6 ./Core/Src/stm32f1xx_it.o
                0x0000000008001462                HardFault_Handler
 .text.MemManage_Handler
                0x0000000008001468        0x6 ./Core/Src/stm32f1xx_it.o
                0x0000000008001468                MemManage_Handler
 .text.BusFault_Handler
                0x000000000800146e        0x6 ./Core/Src/stm32f1xx_it.o
                0x000000000800146e                BusFault_Handler
 .text.UsageFault_Handler
                0x0000000008001474        0x6 ./Core/Src/stm32f1xx_it.o
                0x0000000008001474                UsageFault_Handler
 .text.SVC_Handler
                0x000000000800147a        0xc ./Core/Src/stm32f1xx_it.o
                0x000000000800147a                SVC_Handler
 .text.DebugMon_Handler
                0x0000000008001486        0xc ./Core/Src/stm32f1xx_it.o
                0x0000000008001486                DebugMon_Handler
 .text.PendSV_Handler
                0x0000000008001492        0xc ./Core/Src/stm32f1xx_it.o
                0x0000000008001492                PendSV_Handler
 .text.SysTick_Handler
                0x000000000800149e        0xc ./Core/Src/stm32f1xx_it.o
                0x000000000800149e                SysTick_Handler
 *fill*         0x00000000080014aa        0x2 
 .text.DMA1_Channel4_IRQHandler
                0x00000000080014ac       0x14 ./Core/Src/stm32f1xx_it.o
                0x00000000080014ac                DMA1_Channel4_IRQHandler
 .text.DMA1_Channel5_IRQHandler
                0x00000000080014c0       0x14 ./Core/Src/stm32f1xx_it.o
                0x00000000080014c0                DMA1_Channel5_IRQHandler
 .text.DMA1_Channel6_IRQHandler
                0x00000000080014d4       0x14 ./Core/Src/stm32f1xx_it.o
                0x00000000080014d4                DMA1_Channel6_IRQHandler
 .text.DMA1_Channel7_IRQHandler
                0x00000000080014e8       0x14 ./Core/Src/stm32f1xx_it.o
                0x00000000080014e8                DMA1_Channel7_IRQHandler
 .text.USART1_IRQHandler
                0x00000000080014fc       0x14 ./Core/Src/stm32f1xx_it.o
                0x00000000080014fc                USART1_IRQHandler
 .text.USART2_IRQHandler
                0x0000000008001510       0x14 ./Core/Src/stm32f1xx_it.o
                0x0000000008001510                USART2_IRQHandler
 .text.SystemInit
                0x0000000008001524        0xc ./Core/Src/system_stm32f1xx.o
                0x0000000008001524                SystemInit
 .text.Reset_Handler
                0x0000000008001530       0x48 ./Core/Startup/startup_stm32f103c8tx.o
                0x0000000008001530                Reset_Handler
 .text.Default_Handler
                0x0000000008001578        0x2 ./Core/Startup/startup_stm32f103c8tx.o
                0x0000000008001578                RTC_Alarm_IRQHandler
                0x0000000008001578                EXTI2_IRQHandler
                0x0000000008001578                TIM1_CC_IRQHandler
                0x0000000008001578                PVD_IRQHandler
                0x0000000008001578                EXTI3_IRQHandler
                0x0000000008001578                EXTI0_IRQHandler
                0x0000000008001578                I2C2_EV_IRQHandler
                0x0000000008001578                ADC1_2_IRQHandler
                0x0000000008001578                SPI1_IRQHandler
                0x0000000008001578                TAMPER_IRQHandler
                0x0000000008001578                USART3_IRQHandler
                0x0000000008001578                RTC_IRQHandler
                0x0000000008001578                CAN1_RX1_IRQHandler
                0x0000000008001578                TIM4_IRQHandler
                0x0000000008001578                I2C1_EV_IRQHandler
                0x0000000008001578                TIM3_IRQHandler
                0x0000000008001578                RCC_IRQHandler
                0x0000000008001578                TIM1_TRG_COM_IRQHandler
                0x0000000008001578                DMA1_Channel1_IRQHandler
                0x0000000008001578                Default_Handler
                0x0000000008001578                EXTI15_10_IRQHandler
                0x0000000008001578                EXTI9_5_IRQHandler
                0x0000000008001578                SPI2_IRQHandler
                0x0000000008001578                EXTI4_IRQHandler
                0x0000000008001578                USB_LP_CAN1_RX0_IRQHandler
                0x0000000008001578                USB_HP_CAN1_TX_IRQHandler
                0x0000000008001578                DMA1_Channel3_IRQHandler
                0x0000000008001578                TIM1_UP_IRQHandler
                0x0000000008001578                WWDG_IRQHandler
                0x0000000008001578                TIM2_IRQHandler
                0x0000000008001578                TIM1_BRK_IRQHandler
                0x0000000008001578                EXTI1_IRQHandler
                0x0000000008001578                I2C2_ER_IRQHandler
                0x0000000008001578                DMA1_Channel2_IRQHandler
                0x0000000008001578                CAN1_SCE_IRQHandler
                0x0000000008001578                FLASH_IRQHandler
                0x0000000008001578                I2C1_ER_IRQHandler
                0x0000000008001578                USBWakeUp_IRQHandler
 *fill*         0x000000000800157a        0x2 
 .text.HAL_Init
                0x000000000800157c       0x2c ./Drivers/STM32F1xx_HAL_Driver/Src/stm32f1xx_hal.o
                0x000000000800157c                HAL_Init
 .text.HAL_InitTick
                0x00000000080015a8       0x60 ./Drivers/STM32F1xx_HAL_Driver/Src/stm32f1xx_hal.o
                0x00000000080015a8                HAL_InitTick
 .text.HAL_IncTick
                0x0000000008001608       0x24 ./Drivers/STM32F1xx_HAL_Driver/Src/stm32f1xx_hal.o
                0x0000000008001608                HAL_IncTick
 .text.HAL_GetTick
                0x000000000800162c       0x14 ./Drivers/STM32F1xx_HAL_Driver/Src/stm32f1xx_hal.o
                0x000000000800162c                HAL_GetTick
 .text.HAL_Delay
                0x0000000008001640       0x48 ./Drivers/STM32F1xx_HAL_Driver/Src/stm32f1xx_hal.o
                0x0000000008001640                HAL_Delay
 .text.__NVIC_SetPriorityGrouping
                0x0000000008001688       0x48 ./Drivers/STM32F1xx_HAL_Driver/Src/stm32f1xx_hal_cortex.o
 .text.__NVIC_GetPriorityGrouping
                0x00000000080016d0       0x1c ./Drivers/STM32F1xx_HAL_Driver/Src/stm32f1xx_hal_cortex.o
 .text.__NVIC_EnableIRQ
                0x00000000080016ec       0x38 ./Drivers/STM32F1xx_HAL_Driver/Src/stm32f1xx_hal_cortex.o
 .text.__NVIC_SetPriority
                0x0000000008001724       0x54 ./Drivers/STM32F1xx_HAL_Driver/Src/stm32f1xx_hal_cortex.o
 .text.NVIC_EncodePriority
                0x0000000008001778       0x64 ./Drivers/STM32F1xx_HAL_Driver/Src/stm32f1xx_hal_cortex.o
 .text.SysTick_Config
                0x00000000080017dc       0x44 ./Drivers/STM32F1xx_HAL_Driver/Src/stm32f1xx_hal_cortex.o
 .text.HAL_NVIC_SetPriorityGrouping
                0x0000000008001820       0x16 ./Drivers/STM32F1xx_HAL_Driver/Src/stm32f1xx_hal_cortex.o
                0x0000000008001820                HAL_NVIC_SetPriorityGrouping
 .text.HAL_NVIC_SetPriority
                0x0000000008001836       0x38 ./Drivers/STM32F1xx_HAL_Driver/Src/stm32f1xx_hal_cortex.o
                0x0000000008001836                HAL_NVIC_SetPriority
 .text.HAL_NVIC_EnableIRQ
                0x000000000800186e       0x1c ./Drivers/STM32F1xx_HAL_Driver/Src/stm32f1xx_hal_cortex.o
                0x000000000800186e                HAL_NVIC_EnableIRQ
 .text.HAL_SYSTICK_Config
                0x000000000800188a       0x18 ./Drivers/STM32F1xx_HAL_Driver/Src/stm32f1xx_hal_cortex.o
                0x000000000800188a                HAL_SYSTICK_Config
 *fill*         0x00000000080018a2        0x2 
 .text.HAL_DMA_Init
                0x00000000080018a4       0xb4 ./Drivers/STM32F1xx_HAL_Driver/Src/stm32f1xx_hal_dma.o
                0x00000000080018a4                HAL_DMA_Init
 .text.HAL_DMA_Start_IT
                0x0000000008001958       0xbe ./Drivers/STM32F1xx_HAL_Driver/Src/stm32f1xx_hal_dma.o
                0x0000000008001958                HAL_DMA_Start_IT
 .text.HAL_DMA_Abort
                0x0000000008001a16       0x74 ./Drivers/STM32F1xx_HAL_Driver/Src/stm32f1xx_hal_dma.o
                0x0000000008001a16                HAL_DMA_Abort
 *fill*         0x0000000008001a8a        0x2 
 .text.HAL_DMA_Abort_IT
                0x0000000008001a8c       0xec ./Drivers/STM32F1xx_HAL_Driver/Src/stm32f1xx_hal_dma.o
                0x0000000008001a8c                HAL_DMA_Abort_IT
 .text.HAL_DMA_IRQHandler
                0x0000000008001b78      0x20c ./Drivers/STM32F1xx_HAL_Driver/Src/stm32f1xx_hal_dma.o
                0x0000000008001b78                HAL_DMA_IRQHandler
 .text.DMA_SetConfig
                0x0000000008001d84       0x5a ./Drivers/STM32F1xx_HAL_Driver/Src/stm32f1xx_hal_dma.o
 *fill*         0x0000000008001dde        0x2 
 .text.HAL_GPIO_Init
                0x0000000008001de0      0x308 ./Drivers/STM32F1xx_HAL_Driver/Src/stm32f1xx_hal_gpio.o
                0x0000000008001de0                HAL_GPIO_Init
 .text.HAL_RCC_OscConfig
                0x00000000080020e8      0x504 ./Drivers/STM32F1xx_HAL_Driver/Src/stm32f1xx_hal_rcc.o
                0x00000000080020e8                HAL_RCC_OscConfig
 .text.HAL_RCC_ClockConfig
                0x00000000080025ec      0x1d4 ./Drivers/STM32F1xx_HAL_Driver/Src/stm32f1xx_hal_rcc.o
                0x00000000080025ec                HAL_RCC_ClockConfig
 .text.HAL_RCC_GetSysClockFreq
                0x00000000080027c0       0xbc ./Drivers/STM32F1xx_HAL_Driver/Src/stm32f1xx_hal_rcc.o
                0x00000000080027c0                HAL_RCC_GetSysClockFreq
 .text.HAL_RCC_GetHCLKFreq
                0x000000000800287c       0x14 ./Drivers/STM32F1xx_HAL_Driver/Src/stm32f1xx_hal_rcc.o
                0x000000000800287c                HAL_RCC_GetHCLKFreq
 .text.HAL_RCC_GetPCLK1Freq
                0x0000000008002890       0x28 ./Drivers/STM32F1xx_HAL_Driver/Src/stm32f1xx_hal_rcc.o
                0x0000000008002890                HAL_RCC_GetPCLK1Freq
 .text.HAL_RCC_GetPCLK2Freq
                0x00000000080028b8       0x28 ./Drivers/STM32F1xx_HAL_Driver/Src/stm32f1xx_hal_rcc.o
                0x00000000080028b8                HAL_RCC_GetPCLK2Freq
 .text.RCC_Delay
                0x00000000080028e0       0x3c ./Drivers/STM32F1xx_HAL_Driver/Src/stm32f1xx_hal_rcc.o
 .text.HAL_UART_Init
                0x000000000800291c       0x9a ./Drivers/STM32F1xx_HAL_Driver/Src/stm32f1xx_hal_uart.o
                0x000000000800291c                HAL_UART_Init
 .text.HAL_UART_Transmit_IT
                0x00000000080029b6       0x88 ./Drivers/STM32F1xx_HAL_Driver/Src/stm32f1xx_hal_uart.o
                0x00000000080029b6                HAL_UART_Transmit_IT
 .text.HAL_UART_Receive_IT
                0x0000000008002a3e       0x60 ./Drivers/STM32F1xx_HAL_Driver/Src/stm32f1xx_hal_uart.o
                0x0000000008002a3e                HAL_UART_Receive_IT
 .text.HAL_UART_Receive_DMA
                0x0000000008002a9e       0x60 ./Drivers/STM32F1xx_HAL_Driver/Src/stm32f1xx_hal_uart.o
                0x0000000008002a9e                HAL_UART_Receive_DMA
 *fill*         0x0000000008002afe        0x2 
 .text.HAL_UART_IRQHandler
                0x0000000008002b00      0x354 ./Drivers/STM32F1xx_HAL_Driver/Src/stm32f1xx_hal_uart.o
                0x0000000008002b00                HAL_UART_IRQHandler
 .text.HAL_UART_RxHalfCpltCallback
                0x0000000008002e54       0x12 ./Drivers/STM32F1xx_HAL_Driver/Src/stm32f1xx_hal_uart.o
                0x0000000008002e54                HAL_UART_RxHalfCpltCallback
 .text.HAL_UART_ErrorCallback
                0x0000000008002e66       0x12 ./Drivers/STM32F1xx_HAL_Driver/Src/stm32f1xx_hal_uart.o
                0x0000000008002e66                HAL_UART_ErrorCallback
 .text.HAL_UARTEx_RxEventCallback
                0x0000000008002e78       0x16 ./Drivers/STM32F1xx_HAL_Driver/Src/stm32f1xx_hal_uart.o
                0x0000000008002e78                HAL_UARTEx_RxEventCallback
 .text.UART_DMAReceiveCplt
                0x0000000008002e8e       0x96 ./Drivers/STM32F1xx_HAL_Driver/Src/stm32f1xx_hal_uart.o
 .text.UART_DMARxHalfCplt
                0x0000000008002f24       0x36 ./Drivers/STM32F1xx_HAL_Driver/Src/stm32f1xx_hal_uart.o
 .text.UART_DMAError
                0x0000000008002f5a       0x94 ./Drivers/STM32F1xx_HAL_Driver/Src/stm32f1xx_hal_uart.o
 .text.UART_Start_Receive_IT
                0x0000000008002fee       0x72 ./Drivers/STM32F1xx_HAL_Driver/Src/stm32f1xx_hal_uart.o
                0x0000000008002fee                UART_Start_Receive_IT
 .text.UART_Start_Receive_DMA
                0x0000000008003060       0xc8 ./Drivers/STM32F1xx_HAL_Driver/Src/stm32f1xx_hal_uart.o
                0x0000000008003060                UART_Start_Receive_DMA
 .text.UART_EndTxTransfer
                0x0000000008003128       0x2a ./Drivers/STM32F1xx_HAL_Driver/Src/stm32f1xx_hal_uart.o
 .text.UART_EndRxTransfer
                0x0000000008003152       0x58 ./Drivers/STM32F1xx_HAL_Driver/Src/stm32f1xx_hal_uart.o
 .text.UART_DMAAbortOnError
                0x00000000080031aa       0x28 ./Drivers/STM32F1xx_HAL_Driver/Src/stm32f1xx_hal_uart.o
 .text.UART_Transmit_IT
                0x00000000080031d2       0x9e ./Drivers/STM32F1xx_HAL_Driver/Src/stm32f1xx_hal_uart.o
 .text.UART_EndTransmit_IT
                0x0000000008003270       0x30 ./Drivers/STM32F1xx_HAL_Driver/Src/stm32f1xx_hal_uart.o
 .text.UART_Receive_IT
                0x00000000080032a0      0x152 ./Drivers/STM32F1xx_HAL_Driver/Src/stm32f1xx_hal_uart.o
 *fill*         0x00000000080033f2        0x2 
 .text.UART_SetConfig
                0x00000000080033f4      0x11c ./Drivers/STM32F1xx_HAL_Driver/Src/stm32f1xx_hal_uart.o
 .text.__libc_init_array
                0x0000000008003510       0x48 c:/st/stm32cubeide_1.9.0/stm32cubeide/plugins/com.st.stm32cube.ide.mcu.externaltools.gnu-tools-for-stm32.10.3-2021.10.win32_1.0.0.202111181127/tools/bin/../lib/gcc/arm-none-eabi/10.3.1/../../../../arm-none-eabi/lib/thumb/v7-m/nofp\libc_nano.a(lib_a-init.o)
                0x0000000008003510                __libc_init_array
 .text.memset   0x0000000008003558       0x10 c:/st/stm32cubeide_1.9.0/stm32cubeide/plugins/com.st.stm32cube.ide.mcu.externaltools.gnu-tools-for-stm32.10.3-2021.10.win32_1.0.0.202111181127/tools/bin/../lib/gcc/arm-none-eabi/10.3.1/../../../../arm-none-eabi/lib/thumb/v7-m/nofp\libc_nano.a(lib_a-memset.o)
                0x0000000008003558                memset
 *(.glue_7)
 .glue_7        0x0000000008003568        0x0 linker stubs
 *(.glue_7t)
 .glue_7t       0x0000000008003568        0x0 linker stubs
 *(.eh_frame)
 .eh_frame      0x0000000008003568        0x0 c:/st/stm32cubeide_1.9.0/stm32cubeide/plugins/com.st.stm32cube.ide.mcu.externaltools.gnu-tools-for-stm32.10.3-2021.10.win32_1.0.0.202111181127/tools/bin/../lib/gcc/arm-none-eabi/10.3.1/thumb/v7-m/nofp/crtbegin.o
 *(.init)
 .init          0x0000000008003568        0x4 c:/st/stm32cubeide_1.9.0/stm32cubeide/plugins/com.st.stm32cube.ide.mcu.externaltools.gnu-tools-for-stm32.10.3-2021.10.win32_1.0.0.202111181127/tools/bin/../lib/gcc/arm-none-eabi/10.3.1/thumb/v7-m/nofp/crti.o
                0x0000000008003568                _init
 .init          0x000000000800356c        0x8 c:/st/stm32cubeide_1.9.0/stm32cubeide/plugins/com.st.stm32cube.ide.mcu.externaltools.gnu-tools-for-stm32.10.3-2021.10.win32_1.0.0.202111181127/tools/bin/../lib/gcc/arm-none-eabi/10.3.1/thumb/v7-m/nofp/crtn.o
 *(.fini)
 .fini          0x0000000008003574        0x4 c:/st/stm32cubeide_1.9.0/stm32cubeide/plugins/com.st.stm32cube.ide.mcu.externaltools.gnu-tools-for-stm32.10.3-2021.10.win32_1.0.0.202111181127/tools/bin/../lib/gcc/arm-none-eabi/10.3.1/thumb/v7-m/nofp/crti.o
                0x0000000008003574                _fini
 .fini          0x0000000008003578        0x8 c:/st/stm32cubeide_1.9.0/stm32cubeide/plugins/com.st.stm32cube.ide.mcu.externaltools.gnu-tools-for-stm32.10.3-2021.10.win32_1.0.0.202111181127/tools/bin/../lib/gcc/arm-none-eabi/10.3.1/thumb/v7-m/nofp/crtn.o
                0x0000000008003580                . = ALIGN (0x4)
                0x0000000008003580                _etext = .

.vfp11_veneer   0x0000000008003580        0x0
 .vfp11_veneer  0x0000000008003580        0x0 linker stubs

.v4_bx          0x0000000008003580        0x0
 .v4_bx         0x0000000008003580        0x0 linker stubs

.iplt           0x0000000008003580        0x0
 .iplt          0x0000000008003580        0x0 c:/st/stm32cubeide_1.9.0/stm32cubeide/plugins/com.st.stm32cube.ide.mcu.externaltools.gnu-tools-for-stm32.10.3-2021.10.win32_1.0.0.202111181127/tools/bin/../lib/gcc/arm-none-eabi/10.3.1/thumb/v7-m/nofp/crtbegin.o

.rodata         0x0000000008003580      0x124
                0x0000000008003580                . = ALIGN (0x4)
 *(.rodata)
 .rodata        0x0000000008003580       0xfb ./Core/Src/main.o
 *fill*         0x000000000800367b        0x1 
 .rodata        0x000000000800367c       0x10 ./Drivers/STM32F1xx_HAL_Driver/Src/stm32f1xx_hal_rcc.o
 *(.rodata*)
 .rodata.AHBPrescTable
                0x000000000800368c       0x10 ./Core/Src/system_stm32f1xx.o
                0x000000000800368c                AHBPrescTable
 .rodata.APBPrescTable
                0x000000000800369c        0x8 ./Core/Src/system_stm32f1xx.o
                0x000000000800369c                APBPrescTable
                0x00000000080036a4                . = ALIGN (0x4)

.rel.dyn        0x00000000080036a4        0x0
 .rel.iplt      0x00000000080036a4        0x0 c:/st/stm32cubeide_1.9.0/stm32cubeide/plugins/com.st.stm32cube.ide.mcu.externaltools.gnu-tools-for-stm32.10.3-2021.10.win32_1.0.0.202111181127/tools/bin/../lib/gcc/arm-none-eabi/10.3.1/thumb/v7-m/nofp/crtbegin.o

.ARM.extab      0x00000000080036a4        0x0
                0x00000000080036a4                . = ALIGN (0x4)
 *(.ARM.extab* .gnu.linkonce.armextab.*)
                0x00000000080036a4                . = ALIGN (0x4)

.ARM            0x00000000080036a4        0x0
                0x00000000080036a4                . = ALIGN (0x4)
                0x00000000080036a4                __exidx_start = .
 *(.ARM.exidx*)
                0x00000000080036a4                __exidx_end = .
                0x00000000080036a4                . = ALIGN (0x4)

.preinit_array  0x00000000080036a4        0x0
                0x00000000080036a4                . = ALIGN (0x4)
                0x00000000080036a4                PROVIDE (__preinit_array_start = .)
 *(.preinit_array*)
                0x00000000080036a4                PROVIDE (__preinit_array_end = .)
                0x00000000080036a4                . = ALIGN (0x4)

.init_array     0x00000000080036a4        0x4
                0x00000000080036a4                . = ALIGN (0x4)
                0x00000000080036a4                PROVIDE (__init_array_start = .)
 *(SORT_BY_NAME(.init_array.*))
 *(.init_array*)
 .init_array    0x00000000080036a4        0x4 c:/st/stm32cubeide_1.9.0/stm32cubeide/plugins/com.st.stm32cube.ide.mcu.externaltools.gnu-tools-for-stm32.10.3-2021.10.win32_1.0.0.202111181127/tools/bin/../lib/gcc/arm-none-eabi/10.3.1/thumb/v7-m/nofp/crtbegin.o
                0x00000000080036a8                PROVIDE (__init_array_end = .)
                0x00000000080036a8                . = ALIGN (0x4)

.fini_array     0x00000000080036a8        0x4
                0x00000000080036a8                . = ALIGN (0x4)
                [!provide]                        PROVIDE (__fini_array_start = .)
 *(SORT_BY_NAME(.fini_array.*))
 *(.fini_array*)
 .fini_array    0x00000000080036a8        0x4 c:/st/stm32cubeide_1.9.0/stm32cubeide/plugins/com.st.stm32cube.ide.mcu.externaltools.gnu-tools-for-stm32.10.3-2021.10.win32_1.0.0.202111181127/tools/bin/../lib/gcc/arm-none-eabi/10.3.1/thumb/v7-m/nofp/crtbegin.o
                [!provide]                        PROVIDE (__fini_array_end = .)
                0x00000000080036ac                . = ALIGN (0x4)
                0x00000000080036ac                _sidata = LOADADDR (.data)

.data           0x0000000020000000      0x2f4 load address 0x00000000080036ac
                0x0000000020000000                . = ALIGN (0x4)
                0x0000000020000000                _sdata = .
 *(.data)
 *(.data*)
 .data.Drop_Success
                0x0000000020000000        0x5 ./Core/Src/main.o
                0x0000000020000000                Drop_Success
 *fill*         0x0000000020000005        0x3 
 .data.Drop_Not_Success
                0x0000000020000008        0x5 ./Core/Src/main.o
                0x0000000020000008                Drop_Not_Success
 *fill*         0x000000002000000d        0x3 
 .data.Motor_Error
                0x0000000020000010        0x5 ./Core/Src/main.o
                0x0000000020000010                Motor_Error
 *fill*         0x0000000020000015        0x3 
 .data.A1       0x0000000020000018        0xc ./Core/Src/main.o
                0x0000000020000018                A1
 .data.A2       0x0000000020000024        0xc ./Core/Src/main.o
                0x0000000020000024                A2
 .data.A3       0x0000000020000030        0xc ./Core/Src/main.o
                0x0000000020000030                A3
 .data.A4       0x000000002000003c        0xc ./Core/Src/main.o
                0x000000002000003c                A4
 .data.A5       0x0000000020000048        0xc ./Core/Src/main.o
                0x0000000020000048                A5
 .data.A6       0x0000000020000054        0xc ./Core/Src/main.o
                0x0000000020000054                A6
 .data.A7       0x0000000020000060        0xc ./Core/Src/main.o
                0x0000000020000060                A7
 .data.A8       0x000000002000006c        0xc ./Core/Src/main.o
                0x000000002000006c                A8
 .data.A9       0x0000000020000078        0xc ./Core/Src/main.o
                0x0000000020000078                A9
 .data.A10      0x0000000020000084        0xc ./Core/Src/main.o
                0x0000000020000084                A10
 .data.B1       0x0000000020000090        0xc ./Core/Src/main.o
                0x0000000020000090                B1
 .data.B2       0x000000002000009c        0xc ./Core/Src/main.o
                0x000000002000009c                B2
 .data.B3       0x00000000200000a8        0xc ./Core/Src/main.o
                0x00000000200000a8                B3
 .data.B4       0x00000000200000b4        0xc ./Core/Src/main.o
                0x00000000200000b4                B4
 .data.B5       0x00000000200000c0        0xc ./Core/Src/main.o
                0x00000000200000c0                B5
 .data.B6       0x00000000200000cc        0xc ./Core/Src/main.o
                0x00000000200000cc                B6
 .data.B7       0x00000000200000d8        0xc ./Core/Src/main.o
                0x00000000200000d8                B7
 .data.B8       0x00000000200000e4        0xc ./Core/Src/main.o
                0x00000000200000e4                B8
 .data.B9       0x00000000200000f0        0xc ./Core/Src/main.o
                0x00000000200000f0                B9
 .data.B10      0x00000000200000fc        0xc ./Core/Src/main.o
                0x00000000200000fc                B10
 .data.C1       0x0000000020000108        0xc ./Core/Src/main.o
                0x0000000020000108                C1
 .data.C2       0x0000000020000114        0xc ./Core/Src/main.o
                0x0000000020000114                C2
 .data.C3       0x0000000020000120        0xc ./Core/Src/main.o
                0x0000000020000120                C3
 .data.C4       0x000000002000012c        0xc ./Core/Src/main.o
                0x000000002000012c                C4
 .data.C5       0x0000000020000138        0xc ./Core/Src/main.o
                0x0000000020000138                C5
 .data.C6       0x0000000020000144        0xc ./Core/Src/main.o
                0x0000000020000144                C6
 .data.C7       0x0000000020000150        0xc ./Core/Src/main.o
                0x0000000020000150                C7
 .data.C8       0x000000002000015c        0xc ./Core/Src/main.o
                0x000000002000015c                C8
 .data.C9       0x0000000020000168        0xc ./Core/Src/main.o
                0x0000000020000168                C9
 .data.C10      0x0000000020000174        0xc ./Core/Src/main.o
                0x0000000020000174                C10
 .data.D1       0x0000000020000180        0xc ./Core/Src/main.o
                0x0000000020000180                D1
 .data.D2       0x000000002000018c        0xc ./Core/Src/main.o
                0x000000002000018c                D2
 .data.D3       0x0000000020000198        0xc ./Core/Src/main.o
                0x0000000020000198                D3
 .data.D4       0x00000000200001a4        0xc ./Core/Src/main.o
                0x00000000200001a4                D4
 .data.D5       0x00000000200001b0        0xc ./Core/Src/main.o
                0x00000000200001b0                D5
 .data.D6       0x00000000200001bc        0xc ./Core/Src/main.o
                0x00000000200001bc                D6
 .data.D7       0x00000000200001c8        0xc ./Core/Src/main.o
                0x00000000200001c8                D7
 .data.D8       0x00000000200001d4        0xc ./Core/Src/main.o
                0x00000000200001d4                D8
 .data.D9       0x00000000200001e0        0xc ./Core/Src/main.o
                0x00000000200001e0                D9
 .data.D10      0x00000000200001ec        0xc ./Core/Src/main.o
                0x00000000200001ec                D10
 .data.E1       0x00000000200001f8        0xc ./Core/Src/main.o
                0x00000000200001f8                E1
 .data.E2       0x0000000020000204        0xc ./Core/Src/main.o
                0x0000000020000204                E2
 .data.E3       0x0000000020000210        0xc ./Core/Src/main.o
                0x0000000020000210                E3
 .data.E4       0x000000002000021c        0xc ./Core/Src/main.o
                0x000000002000021c                E4
 .data.E5       0x0000000020000228        0xc ./Core/Src/main.o
                0x0000000020000228                E5
 .data.E6       0x0000000020000234        0xc ./Core/Src/main.o
                0x0000000020000234                E6
 .data.E7       0x0000000020000240        0xc ./Core/Src/main.o
                0x0000000020000240                E7
 .data.E8       0x000000002000024c        0xc ./Core/Src/main.o
                0x000000002000024c                E8
 .data.E9       0x0000000020000258        0xc ./Core/Src/main.o
                0x0000000020000258                E9
 .data.E10      0x0000000020000264        0xc ./Core/Src/main.o
                0x0000000020000264                E10
 .data.F1       0x0000000020000270        0xc ./Core/Src/main.o
                0x0000000020000270                F1
 .data.F2       0x000000002000027c        0xc ./Core/Src/main.o
                0x000000002000027c                F2
 .data.F3       0x0000000020000288        0xc ./Core/Src/main.o
                0x0000000020000288                F3
 .data.F4       0x0000000020000294        0xc ./Core/Src/main.o
                0x0000000020000294                F4
 .data.F5       0x00000000200002a0        0xc ./Core/Src/main.o
                0x00000000200002a0                F5
 .data.F6       0x00000000200002ac        0xc ./Core/Src/main.o
                0x00000000200002ac                F6
 .data.F7       0x00000000200002b8        0xc ./Core/Src/main.o
                0x00000000200002b8                F7
 .data.F8       0x00000000200002c4        0xc ./Core/Src/main.o
                0x00000000200002c4                F8
 .data.F9       0x00000000200002d0        0xc ./Core/Src/main.o
                0x00000000200002d0                F9
 .data.F10      0x00000000200002dc        0xc ./Core/Src/main.o
                0x00000000200002dc                F10
 .data.SystemCoreClock
                0x00000000200002e8        0x4 ./Core/Src/system_stm32f1xx.o
                0x00000000200002e8                SystemCoreClock
 .data.uwTickPrio
                0x00000000200002ec        0x4 ./Drivers/STM32F1xx_HAL_Driver/Src/stm32f1xx_hal.o
                0x00000000200002ec                uwTickPrio
 .data.uwTickFreq
                0x00000000200002f0        0x1 ./Drivers/STM32F1xx_HAL_Driver/Src/stm32f1xx_hal.o
                0x00000000200002f0                uwTickFreq
 *(.RamFunc)
 *(.RamFunc*)
                0x00000000200002f4                . = ALIGN (0x4)
 *fill*         0x00000000200002f1        0x3 
                0x00000000200002f4                _edata = .

.igot.plt       0x00000000200002f4        0x0 load address 0x00000000080039a0
 .igot.plt      0x00000000200002f4        0x0 c:/st/stm32cubeide_1.9.0/stm32cubeide/plugins/com.st.stm32cube.ide.mcu.externaltools.gnu-tools-for-stm32.10.3-2021.10.win32_1.0.0.202111181127/tools/bin/../lib/gcc/arm-none-eabi/10.3.1/thumb/v7-m/nofp/crtbegin.o
                0x00000000200002f4                . = ALIGN (0x4)

.bss            0x00000000200002f4      0x1c8 load address 0x00000000080039a0
                0x00000000200002f4                _sbss = .
                0x00000000200002f4                __bss_start__ = _sbss
 *(.bss)
 .bss           0x00000000200002f4       0x1c c:/st/stm32cubeide_1.9.0/stm32cubeide/plugins/com.st.stm32cube.ide.mcu.externaltools.gnu-tools-for-stm32.10.3-2021.10.win32_1.0.0.202111181127/tools/bin/../lib/gcc/arm-none-eabi/10.3.1/thumb/v7-m/nofp/crtbegin.o
 *(.bss*)
 .bss.huart1    0x0000000020000310       0x44 ./Core/Src/main.o
                0x0000000020000310                huart1
 .bss.huart2    0x0000000020000354       0x44 ./Core/Src/main.o
                0x0000000020000354                huart2
 .bss.hdma_usart1_rx
                0x0000000020000398       0x44 ./Core/Src/main.o
                0x0000000020000398                hdma_usart1_rx
 .bss.hdma_usart1_tx
                0x00000000200003dc       0x44 ./Core/Src/main.o
                0x00000000200003dc                hdma_usart1_tx
 .bss.hdma_usart2_rx
                0x0000000020000420       0x44 ./Core/Src/main.o
                0x0000000020000420                hdma_usart2_rx
 .bss.hdma_usart2_tx
                0x0000000020000464       0x44 ./Core/Src/main.o
                0x0000000020000464                hdma_usart2_tx
 .bss.Rx_data_from_stc
                0x00000000200004a8        0x5 ./Core/Src/main.o
                0x00000000200004a8                Rx_data_from_stc
 *fill*         0x00000000200004ad        0x3 
 .bss.receivedData4G
                0x00000000200004b0        0x2 ./Core/Src/main.o
                0x00000000200004b0                receivedData4G
 *fill*         0x00000000200004b2        0x2 
 .bss.dapat     0x00000000200004b4        0x2 ./Core/Src/main.o
                0x00000000200004b4                dapat
 *fill*         0x00000000200004b6        0x2 
 .bss.uwTick    0x00000000200004b8        0x4 ./Drivers/STM32F1xx_HAL_Driver/Src/stm32f1xx_hal.o
                0x00000000200004b8                uwTick
 *(COMMON)
                0x00000000200004bc                . = ALIGN (0x4)
                0x00000000200004bc                _ebss = .
                0x00000000200004bc                __bss_end__ = _ebss

._user_heap_stack
                0x00000000200004bc      0x604 load address 0x00000000080039a0
                0x00000000200004c0                . = ALIGN (0x8)
 *fill*         0x00000000200004bc        0x4 
                [!provide]                        PROVIDE (end = .)
                0x00000000200004c0                PROVIDE (_end = .)
                0x00000000200006c0                . = (. + _Min_Heap_Size)
 *fill*         0x00000000200004c0      0x200 
                0x0000000020000ac0                . = (. + _Min_Stack_Size)
 *fill*         0x00000000200006c0      0x400 
                0x0000000020000ac0                . = ALIGN (0x8)

/DISCARD/
 libc.a(*)
 libm.a(*)
 libgcc.a(*)

.ARM.attributes
                0x0000000000000000       0x29
 *(.ARM.attributes)
 .ARM.attributes
                0x0000000000000000       0x1d c:/st/stm32cubeide_1.9.0/stm32cubeide/plugins/com.st.stm32cube.ide.mcu.externaltools.gnu-tools-for-stm32.10.3-2021.10.win32_1.0.0.202111181127/tools/bin/../lib/gcc/arm-none-eabi/10.3.1/thumb/v7-m/nofp/crti.o
 .ARM.attributes
                0x000000000000001d       0x2d c:/st/stm32cubeide_1.9.0/stm32cubeide/plugins/com.st.stm32cube.ide.mcu.externaltools.gnu-tools-for-stm32.10.3-2021.10.win32_1.0.0.202111181127/tools/bin/../lib/gcc/arm-none-eabi/10.3.1/thumb/v7-m/nofp/crtbegin.o
 .ARM.attributes
                0x000000000000004a       0x2d ./Core/Src/main.o
 .ARM.attributes
                0x0000000000000077       0x2d ./Core/Src/stm32f1xx_hal_msp.o
 .ARM.attributes
                0x00000000000000a4       0x2d ./Core/Src/stm32f1xx_it.o
 .ARM.attributes
                0x00000000000000d1       0x2d ./Core/Src/system_stm32f1xx.o
 .ARM.attributes
                0x00000000000000fe       0x21 ./Core/Startup/startup_stm32f103c8tx.o
 .ARM.attributes
                0x000000000000011f       0x2d ./Drivers/STM32F1xx_HAL_Driver/Src/stm32f1xx_hal.o
 .ARM.attributes
                0x000000000000014c       0x2d ./Drivers/STM32F1xx_HAL_Driver/Src/stm32f1xx_hal_cortex.o
 .ARM.attributes
                0x0000000000000179       0x2d ./Drivers/STM32F1xx_HAL_Driver/Src/stm32f1xx_hal_dma.o
 .ARM.attributes
                0x00000000000001a6       0x2d ./Drivers/STM32F1xx_HAL_Driver/Src/stm32f1xx_hal_gpio.o
 .ARM.attributes
                0x00000000000001d3       0x2d ./Drivers/STM32F1xx_HAL_Driver/Src/stm32f1xx_hal_rcc.o
 .ARM.attributes
                0x0000000000000200       0x2d ./Drivers/STM32F1xx_HAL_Driver/Src/stm32f1xx_hal_uart.o
 .ARM.attributes
                0x000000000000022d       0x2d c:/st/stm32cubeide_1.9.0/stm32cubeide/plugins/com.st.stm32cube.ide.mcu.externaltools.gnu-tools-for-stm32.10.3-2021.10.win32_1.0.0.202111181127/tools/bin/../lib/gcc/arm-none-eabi/10.3.1/../../../../arm-none-eabi/lib/thumb/v7-m/nofp\libc_nano.a(lib_a-init.o)
 .ARM.attributes
                0x000000000000025a       0x2d c:/st/stm32cubeide_1.9.0/stm32cubeide/plugins/com.st.stm32cube.ide.mcu.externaltools.gnu-tools-for-stm32.10.3-2021.10.win32_1.0.0.202111181127/tools/bin/../lib/gcc/arm-none-eabi/10.3.1/../../../../arm-none-eabi/lib/thumb/v7-m/nofp\libc_nano.a(lib_a-memset.o)
 .ARM.attributes
                0x0000000000000287       0x1b c:/st/stm32cubeide_1.9.0/stm32cubeide/plugins/com.st.stm32cube.ide.mcu.externaltools.gnu-tools-for-stm32.10.3-2021.10.win32_1.0.0.202111181127/tools/bin/../lib/gcc/arm-none-eabi/10.3.1/../../../../arm-none-eabi/lib/thumb/v7-m/nofp\libc_nano.a(lib_a-strcmp.o)
 .ARM.attributes
                0x00000000000002a2       0x1d c:/st/stm32cubeide_1.9.0/stm32cubeide/plugins/com.st.stm32cube.ide.mcu.externaltools.gnu-tools-for-stm32.10.3-2021.10.win32_1.0.0.202111181127/tools/bin/../lib/gcc/arm-none-eabi/10.3.1/thumb/v7-m/nofp/crtn.o
OUTPUT(MMW_V2_Dev.elf elf32-littlearm)
LOAD linker stubs
LOAD c:/st/stm32cubeide_1.9.0/stm32cubeide/plugins/com.st.stm32cube.ide.mcu.externaltools.gnu-tools-for-stm32.10.3-2021.10.win32_1.0.0.202111181127/tools/bin/../lib/gcc/arm-none-eabi/10.3.1/../../../../arm-none-eabi/lib/thumb/v7-m/nofp\libc.a
LOAD c:/st/stm32cubeide_1.9.0/stm32cubeide/plugins/com.st.stm32cube.ide.mcu.externaltools.gnu-tools-for-stm32.10.3-2021.10.win32_1.0.0.202111181127/tools/bin/../lib/gcc/arm-none-eabi/10.3.1/../../../../arm-none-eabi/lib/thumb/v7-m/nofp\libm.a
LOAD c:/st/stm32cubeide_1.9.0/stm32cubeide/plugins/com.st.stm32cube.ide.mcu.externaltools.gnu-tools-for-stm32.10.3-2021.10.win32_1.0.0.202111181127/tools/bin/../lib/gcc/arm-none-eabi/10.3.1/thumb/v7-m/nofp\libgcc.a

.debug_info     0x0000000000000000     0x61fc
 .debug_info    0x0000000000000000     0x105e ./Core/Src/main.o
 .debug_info    0x000000000000105e      0xaa6 ./Core/Src/stm32f1xx_hal_msp.o
 .debug_info    0x0000000000001b04      0x6b9 ./Core/Src/stm32f1xx_it.o
 .debug_info    0x00000000000021bd      0x23d ./Core/Src/system_stm32f1xx.o
 .debug_info    0x00000000000023fa       0x22 ./Core/Startup/startup_stm32f103c8tx.o
 .debug_info    0x000000000000241c      0x734 ./Drivers/STM32F1xx_HAL_Driver/Src/stm32f1xx_hal.o
 .debug_info    0x0000000000002b50      0xb20 ./Drivers/STM32F1xx_HAL_Driver/Src/stm32f1xx_hal_cortex.o
 .debug_info    0x0000000000003670      0x73f ./Drivers/STM32F1xx_HAL_Driver/Src/stm32f1xx_hal_dma.o
 .debug_info    0x0000000000003daf      0x615 ./Drivers/STM32F1xx_HAL_Driver/Src/stm32f1xx_hal_gpio.o
 .debug_info    0x00000000000043c4      0x860 ./Drivers/STM32F1xx_HAL_Driver/Src/stm32f1xx_hal_rcc.o
 .debug_info    0x0000000000004c24     0x15d8 ./Drivers/STM32F1xx_HAL_Driver/Src/stm32f1xx_hal_uart.o

.debug_abbrev   0x0000000000000000     0x154f
 .debug_abbrev  0x0000000000000000      0x2d9 ./Core/Src/main.o
 .debug_abbrev  0x00000000000002d9      0x1ef ./Core/Src/stm32f1xx_hal_msp.o
 .debug_abbrev  0x00000000000004c8      0x179 ./Core/Src/stm32f1xx_it.o
 .debug_abbrev  0x0000000000000641      0x13b ./Core/Src/system_stm32f1xx.o
 .debug_abbrev  0x000000000000077c       0x12 ./Core/Startup/startup_stm32f103c8tx.o
 .debug_abbrev  0x000000000000078e      0x1fb ./Drivers/STM32F1xx_HAL_Driver/Src/stm32f1xx_hal.o
 .debug_abbrev  0x0000000000000989      0x2ed ./Drivers/STM32F1xx_HAL_Driver/Src/stm32f1xx_hal_cortex.o
 .debug_abbrev  0x0000000000000c76      0x1fe ./Drivers/STM32F1xx_HAL_Driver/Src/stm32f1xx_hal_dma.o
 .debug_abbrev  0x0000000000000e74      0x1bb ./Drivers/STM32F1xx_HAL_Driver/Src/stm32f1xx_hal_gpio.o
 .debug_abbrev  0x000000000000102f      0x2a8 ./Drivers/STM32F1xx_HAL_Driver/Src/stm32f1xx_hal_rcc.o
 .debug_abbrev  0x00000000000012d7      0x278 ./Drivers/STM32F1xx_HAL_Driver/Src/stm32f1xx_hal_uart.o

.debug_aranges  0x0000000000000000      0x6c8
 .debug_aranges
                0x0000000000000000       0x70 ./Core/Src/main.o
 .debug_aranges
                0x0000000000000070       0x30 ./Core/Src/stm32f1xx_hal_msp.o
 .debug_aranges
                0x00000000000000a0       0x90 ./Core/Src/stm32f1xx_it.o
 .debug_aranges
                0x0000000000000130       0x28 ./Core/Src/system_stm32f1xx.o
 .debug_aranges
                0x0000000000000158       0x28 ./Core/Startup/startup_stm32f103c8tx.o
 .debug_aranges
                0x0000000000000180       0xe0 ./Drivers/STM32F1xx_HAL_Driver/Src/stm32f1xx_hal.o
 .debug_aranges
                0x0000000000000260      0x100 ./Drivers/STM32F1xx_HAL_Driver/Src/stm32f1xx_hal_cortex.o
 .debug_aranges
                0x0000000000000360       0x80 ./Drivers/STM32F1xx_HAL_Driver/Src/stm32f1xx_hal_dma.o
 .debug_aranges
                0x00000000000003e0       0x58 ./Drivers/STM32F1xx_HAL_Driver/Src/stm32f1xx_hal_gpio.o
 .debug_aranges
                0x0000000000000438       0x90 ./Drivers/STM32F1xx_HAL_Driver/Src/stm32f1xx_hal_rcc.o
 .debug_aranges
                0x00000000000004c8      0x200 ./Drivers/STM32F1xx_HAL_Driver/Src/stm32f1xx_hal_uart.o

.debug_ranges   0x0000000000000000      0x858
 .debug_ranges  0x0000000000000000      0x268 ./Core/Src/main.o
 .debug_ranges  0x0000000000000268       0x20 ./Core/Src/stm32f1xx_hal_msp.o
 .debug_ranges  0x0000000000000288       0x80 ./Core/Src/stm32f1xx_it.o
 .debug_ranges  0x0000000000000308       0x18 ./Core/Src/system_stm32f1xx.o
 .debug_ranges  0x0000000000000320       0x20 ./Core/Startup/startup_stm32f103c8tx.o
 .debug_ranges  0x0000000000000340       0xd0 ./Drivers/STM32F1xx_HAL_Driver/Src/stm32f1xx_hal.o
 .debug_ranges  0x0000000000000410       0xf0 ./Drivers/STM32F1xx_HAL_Driver/Src/stm32f1xx_hal_cortex.o
 .debug_ranges  0x0000000000000500       0x70 ./Drivers/STM32F1xx_HAL_Driver/Src/stm32f1xx_hal_dma.o
 .debug_ranges  0x0000000000000570       0x48 ./Drivers/STM32F1xx_HAL_Driver/Src/stm32f1xx_hal_gpio.o
 .debug_ranges  0x00000000000005b8       0x80 ./Drivers/STM32F1xx_HAL_Driver/Src/stm32f1xx_hal_rcc.o
 .debug_ranges  0x0000000000000638      0x220 ./Drivers/STM32F1xx_HAL_Driver/Src/stm32f1xx_hal_uart.o

.debug_macro    0x0000000000000000    0x15e99
 .debug_macro   0x0000000000000000      0x198 ./Core/Src/main.o
 .debug_macro   0x0000000000000198      0xa6c ./Core/Src/main.o
 .debug_macro   0x0000000000000c04      0x21b ./Core/Src/main.o
 .debug_macro   0x0000000000000e1f       0x2e ./Core/Src/main.o
 .debug_macro   0x0000000000000e4d       0x22 ./Core/Src/main.o
 .debug_macro   0x0000000000000e6f       0x22 ./Core/Src/main.o
 .debug_macro   0x0000000000000e91       0x8e ./Core/Src/main.o
 .debug_macro   0x0000000000000f1f       0x51 ./Core/Src/main.o
 .debug_macro   0x0000000000000f70      0x103 ./Core/Src/main.o
 .debug_macro   0x0000000000001073       0x6a ./Core/Src/main.o
 .debug_macro   0x00000000000010dd      0x1df ./Core/Src/main.o
 .debug_macro   0x00000000000012bc       0x1c ./Core/Src/main.o
 .debug_macro   0x00000000000012d8       0x22 ./Core/Src/main.o
 .debug_macro   0x00000000000012fa       0xbd ./Core/Src/main.o
 .debug_macro   0x00000000000013b7      0xd23 ./Core/Src/main.o
 .debug_macro   0x00000000000020da     0xe09e ./Core/Src/main.o
 .debug_macro   0x0000000000010178       0x6d ./Core/Src/main.o
 .debug_macro   0x00000000000101e5     0x3468 ./Core/Src/main.o
 .debug_macro   0x000000000001364d      0x174 ./Core/Src/main.o
 .debug_macro   0x00000000000137c1       0x5c ./Core/Src/main.o
 .debug_macro   0x000000000001381d      0x5be ./Core/Src/main.o
 .debug_macro   0x0000000000013ddb      0x289 ./Core/Src/main.o
 .debug_macro   0x0000000000014064      0x1cb ./Core/Src/main.o
 .debug_macro   0x000000000001422f      0x114 ./Core/Src/main.o
 .debug_macro   0x0000000000014343      0x1b2 ./Core/Src/main.o
 .debug_macro   0x00000000000144f5       0x27 ./Core/Src/main.o
 .debug_macro   0x000000000001451c      0x136 ./Core/Src/main.o
 .debug_macro   0x0000000000014652      0x1bc ./Core/Src/main.o
 .debug_macro   0x000000000001480e       0x34 ./Core/Src/main.o
 .debug_macro   0x0000000000014842       0x3c ./Core/Src/main.o
 .debug_macro   0x000000000001487e       0x57 ./Core/Src/main.o
 .debug_macro   0x00000000000148d5       0x88 ./Core/Src/main.o
 .debug_macro   0x000000000001495d      0x241 ./Core/Src/main.o
 .debug_macro   0x0000000000014b9e      0x141 ./Core/Src/main.o
 .debug_macro   0x0000000000014cdf      0x279 ./Core/Src/main.o
 .debug_macro   0x0000000000014f58       0x83 ./Core/Src/main.o
 .debug_macro   0x0000000000014fdb      0x198 ./Core/Src/stm32f1xx_hal_msp.o
 .debug_macro   0x0000000000015173      0x1a2 ./Core/Src/stm32f1xx_it.o
 .debug_macro   0x0000000000015315      0x18e ./Core/Src/system_stm32f1xx.o
 .debug_macro   0x00000000000154a3      0x1b2 ./Drivers/STM32F1xx_HAL_Driver/Src/stm32f1xx_hal.o
 .debug_macro   0x0000000000015655      0x18e ./Drivers/STM32F1xx_HAL_Driver/Src/stm32f1xx_hal_cortex.o
 .debug_macro   0x00000000000157e3      0x18e ./Drivers/STM32F1xx_HAL_Driver/Src/stm32f1xx_hal_dma.o
 .debug_macro   0x0000000000015971      0x1f9 ./Drivers/STM32F1xx_HAL_Driver/Src/stm32f1xx_hal_gpio.o
 .debug_macro   0x0000000000015b6a      0x1a0 ./Drivers/STM32F1xx_HAL_Driver/Src/stm32f1xx_hal_rcc.o
 .debug_macro   0x0000000000015d0a      0x18f ./Drivers/STM32F1xx_HAL_Driver/Src/stm32f1xx_hal_uart.o

.debug_line     0x0000000000000000     0x74a8
 .debug_line    0x0000000000000000      0xd4b ./Core/Src/main.o
 .debug_line    0x0000000000000d4b      0x75c ./Core/Src/stm32f1xx_hal_msp.o
 .debug_line    0x00000000000014a7      0x78f ./Core/Src/stm32f1xx_it.o
 .debug_line    0x0000000000001c36      0x6bb ./Core/Src/system_stm32f1xx.o
 .debug_line    0x00000000000022f1       0x87 ./Core/Startup/startup_stm32f103c8tx.o
 .debug_line    0x0000000000002378      0x8e8 ./Drivers/STM32F1xx_HAL_Driver/Src/stm32f1xx_hal.o
 .debug_line    0x0000000000002c60      0xad0 ./Drivers/STM32F1xx_HAL_Driver/Src/stm32f1xx_hal_cortex.o
 .debug_line    0x0000000000003730      0xd40 ./Drivers/STM32F1xx_HAL_Driver/Src/stm32f1xx_hal_dma.o
 .debug_line    0x0000000000004470      0x97f ./Drivers/STM32F1xx_HAL_Driver/Src/stm32f1xx_hal_gpio.o
 .debug_line    0x0000000000004def      0xcf6 ./Drivers/STM32F1xx_HAL_Driver/Src/stm32f1xx_hal_rcc.o
 .debug_line    0x0000000000005ae5     0x19c3 ./Drivers/STM32F1xx_HAL_Driver/Src/stm32f1xx_hal_uart.o

.debug_str      0x0000000000000000    0x7e269
 .debug_str     0x0000000000000000    0x7cc5c ./Core/Src/main.o
                                      0x7d03f (size before relaxing)
 .debug_str     0x000000000007cc5c      0x10f ./Core/Src/stm32f1xx_hal_msp.o
                                      0x7ce6c (size before relaxing)
 .debug_str     0x000000000007cd6b      0x178 ./Core/Src/stm32f1xx_it.o
                                      0x7cb4a (size before relaxing)
 .debug_str     0x000000000007cee3       0x7e ./Core/Src/system_stm32f1xx.o
                                      0x7c681 (size before relaxing)
 .debug_str     0x000000000007cf61       0x36 ./Core/Startup/startup_stm32f103c8tx.o
                                         0x70 (size before relaxing)
 .debug_str     0x000000000007cf97      0x384 ./Drivers/STM32F1xx_HAL_Driver/Src/stm32f1xx_hal.o
                                      0x7cdb4 (size before relaxing)
 .debug_str     0x000000000007d31b      0x294 ./Drivers/STM32F1xx_HAL_Driver/Src/stm32f1xx_hal_cortex.o
                                      0x7cd00 (size before relaxing)
 .debug_str     0x000000000007d5af      0x20b ./Drivers/STM32F1xx_HAL_Driver/Src/stm32f1xx_hal_dma.o
                                      0x7ca2a (size before relaxing)
 .debug_str     0x000000000007d7ba      0x31d ./Drivers/STM32F1xx_HAL_Driver/Src/stm32f1xx_hal_gpio.o
                                      0x7ca07 (size before relaxing)
 .debug_str     0x000000000007dad7      0x229 ./Drivers/STM32F1xx_HAL_Driver/Src/stm32f1xx_hal_rcc.o
                                      0x7cab0 (size before relaxing)
 .debug_str     0x000000000007dd00      0x569 ./Drivers/STM32F1xx_HAL_Driver/Src/stm32f1xx_hal_uart.o
                                      0x7d0bb (size before relaxing)

.comment        0x0000000000000000       0x50
 .comment       0x0000000000000000       0x50 ./Core/Src/main.o
                                         0x51 (size before relaxing)
 .comment       0x0000000000000050       0x51 ./Core/Src/stm32f1xx_hal_msp.o
 .comment       0x0000000000000050       0x51 ./Core/Src/stm32f1xx_it.o
 .comment       0x0000000000000050       0x51 ./Core/Src/system_stm32f1xx.o
 .comment       0x0000000000000050       0x51 ./Drivers/STM32F1xx_HAL_Driver/Src/stm32f1xx_hal.o
 .comment       0x0000000000000050       0x51 ./Drivers/STM32F1xx_HAL_Driver/Src/stm32f1xx_hal_cortex.o
 .comment       0x0000000000000050       0x51 ./Drivers/STM32F1xx_HAL_Driver/Src/stm32f1xx_hal_dma.o
 .comment       0x0000000000000050       0x51 ./Drivers/STM32F1xx_HAL_Driver/Src/stm32f1xx_hal_gpio.o
 .comment       0x0000000000000050       0x51 ./Drivers/STM32F1xx_HAL_Driver/Src/stm32f1xx_hal_rcc.o
 .comment       0x0000000000000050       0x51 ./Drivers/STM32F1xx_HAL_Driver/Src/stm32f1xx_hal_uart.o

.debug_frame    0x0000000000000000     0x1a44
 .debug_frame   0x0000000000000000      0x170 ./Core/Src/main.o
 .debug_frame   0x0000000000000170       0x84 ./Core/Src/stm32f1xx_hal_msp.o
 .debug_frame   0x00000000000001f4      0x1ac ./Core/Src/stm32f1xx_it.o
 .debug_frame   0x00000000000003a0       0x58 ./Core/Src/system_stm32f1xx.o
 .debug_frame   0x00000000000003f8      0x334 ./Drivers/STM32F1xx_HAL_Driver/Src/stm32f1xx_hal.o
 .debug_frame   0x000000000000072c      0x428 ./Drivers/STM32F1xx_HAL_Driver/Src/stm32f1xx_hal_cortex.o
 .debug_frame   0x0000000000000b54      0x208 ./Drivers/STM32F1xx_HAL_Driver/Src/stm32f1xx_hal_dma.o
 .debug_frame   0x0000000000000d5c      0x14c ./Drivers/STM32F1xx_HAL_Driver/Src/stm32f1xx_hal_gpio.o
 .debug_frame   0x0000000000000ea8      0x21c ./Drivers/STM32F1xx_HAL_Driver/Src/stm32f1xx_hal_rcc.o
 .debug_frame   0x00000000000010c4      0x914 ./Drivers/STM32F1xx_HAL_Driver/Src/stm32f1xx_hal_uart.o
 .debug_frame   0x00000000000019d8       0x2c c:/st/stm32cubeide_1.9.0/stm32cubeide/plugins/com.st.stm32cube.ide.mcu.externaltools.gnu-tools-for-stm32.10.3-2021.10.win32_1.0.0.202111181127/tools/bin/../lib/gcc/arm-none-eabi/10.3.1/../../../../arm-none-eabi/lib/thumb/v7-m/nofp\libc_nano.a(lib_a-init.o)
 .debug_frame   0x0000000000001a04       0x20 c:/st/stm32cubeide_1.9.0/stm32cubeide/plugins/com.st.stm32cube.ide.mcu.externaltools.gnu-tools-for-stm32.10.3-2021.10.win32_1.0.0.202111181127/tools/bin/../lib/gcc/arm-none-eabi/10.3.1/../../../../arm-none-eabi/lib/thumb/v7-m/nofp\libc_nano.a(lib_a-memset.o)
 .debug_frame   0x0000000000001a24       0x20 c:/st/stm32cubeide_1.9.0/stm32cubeide/plugins/com.st.stm32cube.ide.mcu.externaltools.gnu-tools-for-stm32.10.3-2021.10.win32_1.0.0.202111181127/tools/bin/../lib/gcc/arm-none-eabi/10.3.1/../../../../arm-none-eabi/lib/thumb/v7-m/nofp\libc_nano.a(lib_a-strcmp.o)
