../Core/Src/main.c:132:6:delay	16	static
../Core/Src/main.c:140:6:Set_Pin_Output	32	static
../Core/Src/main.c:149:6:Set_Pin_Input	32	static
../Core/Src/main.c:162:9:DS18B20_Start	16	static
../Core/Src/main.c:180:6:DS18B20_Write	24	static
../Core/Src/main.c:212:9:DS18B20_Read	16	static
../Core/Src/main.c:239:6:HAL_UART_TxCpltCallback	16	static
../Core/Src/main.c:244:6:HAL_UART_RxCpltCallback	16	static
../Core/Src/main.c:251:6:write_read_Temperature	8	static
../Core/Src/main.c:272:6:transmit_Data_to_DTU	48	static
../Core/Src/main.c:371:6:split_Command_from_DTU	16	static
../Core/Src/main.c:388:6:concat_Command_for_STC	8	static
../Core/Src/main.c:487:6:send_Command_to_STC	24	static
../Core/Src/main.c:512:5:main	8	static
../Core/Src/main.c:581:6:SystemClock_Config	72	static
../Core/Src/main.c:621:13:MX_TIM1_Init	32	static
../Core/Src/main.c:667:13:MX_USART1_UART_Init	8	static
../Core/Src/main.c:700:13:MX_USART2_UART_Init	8	static
../Core/Src/main.c:731:13:MX_DMA_Init	16	static
../Core/Src/main.c:758:13:MX_GPIO_Init	32	static
../Core/Src/main.c:786:6:Error_Handler	4	static,ignoring_inline_asm
