../Core/Src/main.c:166:6:delay	16	static
../Core/Src/main.c:174:6:Set_Pin_Output	32	static
../Core/Src/main.c:183:6:Set_Pin_Input	32	static
../Core/Src/main.c:196:9:DS18B20_Start	16	static
../Core/Src/main.c:214:6:DS18B20_Write	24	static
../Core/Src/main.c:246:9:DS18B20_Read	16	static
../Core/Src/main.c:272:6:HAL_UART_TxCpltCallback	16	static
../Core/Src/main.c:277:6:HAL_UART_RxCpltCallback	16	static
../Core/Src/main.c:285:6:write_read_Temperature	8	static
../Core/Src/main.c:308:6:transmit_Data_to_DTU	16	static
../Core/Src/main.c:341:6:receive_Command_from_DTU	8	static
../Core/Src/main.c:734:5:main	8	static
../Core/Src/main.c:788:6:SystemClock_Config	72	static
../Core/Src/main.c:828:13:MX_TIM1_Init	32	static
../Core/Src/main.c:874:13:MX_USART1_UART_Init	8	static
../Core/Src/main.c:907:13:MX_USART2_UART_Init	8	static
../Core/Src/main.c:938:13:MX_DMA_Init	16	static
../Core/Src/main.c:965:13:MX_GPIO_Init	32	static
../Core/Src/main.c:993:6:Error_Handler	4	static,ignoring_inline_asm
