../Core/Src/main.c:162:6:delay	16	static
../Core/Src/main.c:168:6:Set_Pin_Output	32	static
../Core/Src/main.c:177:6:Set_Pin_Input	32	static
../Core/Src/main.c:190:9:DS18B20_Start	16	static
../Core/Src/main.c:208:6:DS18B20_Write	24	static
../Core/Src/main.c:240:9:DS18B20_Read	16	static
../Core/Src/main.c:266:6:HAL_UART_TxCpltCallback	16	static
../Core/Src/main.c:271:6:HAL_UART_RxCpltCallback	16	static
../Core/Src/main.c:279:6:write_read_Temperature	8	static
../Core/Src/main.c:302:6:transmit_Data_to_DTU	16	static
../Core/Src/main.c:335:6:receive_Command_from_DTU	8	static
../Core/Src/main.c:728:5:main	8	static
../Core/Src/main.c:782:6:SystemClock_Config	72	static
../Core/Src/main.c:822:13:MX_TIM1_Init	32	static
../Core/Src/main.c:868:13:MX_USART1_UART_Init	8	static
../Core/Src/main.c:901:13:MX_USART2_UART_Init	8	static
../Core/Src/main.c:932:13:MX_DMA_Init	16	static
../Core/Src/main.c:959:13:MX_GPIO_Init	32	static
../Core/Src/main.c:987:6:Error_Handler	4	static,ignoring_inline_asm
