../Core/Src/main.c:122:6:delay	16	static
../Core/Src/main.c:130:6:Set_Pin_Output	32	static
../Core/Src/main.c:139:6:Set_Pin_Input	32	static
../Core/Src/main.c:152:9:DS18B20_Start	16	static
../Core/Src/main.c:170:6:DS18B20_Write	24	static
../Core/Src/main.c:202:9:DS18B20_Read	16	static
../Core/Src/main.c:229:6:HAL_UART_TxCpltCallback	16	static
../Core/Src/main.c:234:6:HAL_UART_RxCpltCallback	16	static
../Core/Src/main.c:242:6:write_read_Temperature	8	static
../Core/Src/main.c:267:6:transmit_Data_to_DTU	16	static
../Core/Src/main.c:300:6:concat_Command_for_STC	48	static
../Core/Src/main.c:394:6:send_Command_to_STC	4	static
../Core/Src/main.c:421:5:main	8	static
../Core/Src/main.c:478:6:SystemClock_Config	72	static
../Core/Src/main.c:518:13:MX_TIM1_Init	32	static
../Core/Src/main.c:564:13:MX_USART1_UART_Init	8	static
../Core/Src/main.c:597:13:MX_USART2_UART_Init	8	static
../Core/Src/main.c:628:13:MX_DMA_Init	16	static
../Core/Src/main.c:655:13:MX_GPIO_Init	32	static
../Core/Src/main.c:683:6:Error_Handler	4	static,ignoring_inline_asm
