../Core/Src/main.c:145:6:delay	16	static
../Core/Src/main.c:153:6:Set_Pin_Output	32	static
../Core/Src/main.c:162:6:Set_Pin_Input	32	static
../Core/Src/main.c:175:9:DS18B20_Start	16	static
../Core/Src/main.c:193:6:DS18B20_Write	24	static
../Core/Src/main.c:225:9:DS18B20_Read	16	static
../Core/Src/main.c:253:6:HAL_UART_TxCpltCallback	16	static
../Core/Src/main.c:258:6:HAL_UART_RxCpltCallback	16	static
../Core/Src/main.c:290:6:write_read_Temperature	8	static
../Core/Src/main.c:312:6:transmit_Data_to_DTU	56	static
../Core/Src/main.c:408:6:split_Command_from_DTU	16	static
../Core/Src/main.c:424:6:concat_Command_for_STC	8	static
../Core/Src/main.c:523:6:send_Command_to_STC	8	static
../Core/Src/main.c:535:5:main	8	static
../Core/Src/main.c:595:6:HAL_GPIO_EXTI_Callback	16	static
../Core/Src/main.c:613:6:SystemClock_Config	72	static
../Core/Src/main.c:653:13:MX_TIM1_Init	32	static
../Core/Src/main.c:699:13:MX_USART1_UART_Init	8	static
../Core/Src/main.c:732:13:MX_USART2_UART_Init	8	static
../Core/Src/main.c:763:13:MX_DMA_Init	16	static
../Core/Src/main.c:790:13:MX_GPIO_Init	40	static
../Core/Src/main.c:829:6:Error_Handler	4	static,ignoring_inline_asm
