../Core/Src/main.c:132:6:delay	16	static
../Core/Src/main.c:140:6:Set_Pin_Output	32	static
../Core/Src/main.c:149:6:Set_Pin_Input	32	static
../Core/Src/main.c:162:9:DS18B20_Start	16	static
../Core/Src/main.c:180:6:DS18B20_Write	24	static
../Core/Src/main.c:212:9:DS18B20_Read	16	static
../Core/Src/main.c:239:6:HAL_UART_TxCpltCallback	16	static
../Core/Src/main.c:244:6:HAL_UART_RxCpltCallback	16	static
../Core/Src/main.c:273:6:write_read_Temperature	8	static
../Core/Src/main.c:294:6:transmit_Data_to_DTU	24	static
../Core/Src/main.c:372:6:split_Command_from_DTU	16	static
../Core/Src/main.c:389:6:concat_Command_for_STC	8	static
../Core/Src/main.c:488:6:send_Command_to_STC	8	static
../Core/Src/main.c:502:5:main	8	static
../Core/Src/main.c:551:6:SystemClock_Config	72	static
../Core/Src/main.c:591:13:MX_TIM1_Init	32	static
../Core/Src/main.c:637:13:MX_USART1_UART_Init	8	static
../Core/Src/main.c:670:13:MX_USART2_UART_Init	8	static
../Core/Src/main.c:701:13:MX_DMA_Init	16	static
../Core/Src/main.c:728:13:MX_GPIO_Init	32	static
../Core/Src/main.c:756:6:Error_Handler	4	static,ignoring_inline_asm
