../Core/Src/main.c:131:6:delay	16	static
../Core/Src/main.c:139:6:Set_Pin_Output	32	static
../Core/Src/main.c:148:6:Set_Pin_Input	32	static
../Core/Src/main.c:161:9:DS18B20_Start	16	static
../Core/Src/main.c:179:6:DS18B20_Write	24	static
../Core/Src/main.c:211:9:DS18B20_Read	16	static
../Core/Src/main.c:238:6:HAL_UART_TxCpltCallback	16	static
../Core/Src/main.c:243:6:HAL_UART_RxCpltCallback	16	static
../Core/Src/main.c:250:6:write_read_Temperature	8	static
../Core/Src/main.c:271:6:transmit_Data_to_DTU	40	static
../Core/Src/main.c:338:6:split_Command_from_DTU	16	static
../Core/Src/main.c:355:6:concat_Command_for_STC	8	static
../Core/Src/main.c:454:6:send_Command_to_STC	24	static
../Core/Src/main.c:479:5:main	8	static
../Core/Src/main.c:539:6:SystemClock_Config	72	static
../Core/Src/main.c:579:13:MX_TIM1_Init	32	static
../Core/Src/main.c:625:13:MX_USART1_UART_Init	8	static
../Core/Src/main.c:658:13:MX_USART2_UART_Init	8	static
../Core/Src/main.c:689:13:MX_DMA_Init	16	static
../Core/Src/main.c:716:13:MX_GPIO_Init	32	static
../Core/Src/main.c:744:6:Error_Handler	4	static,ignoring_inline_asm
